// Jest Snapshot v1, https://goo.gl/fbAQLP

exports[`Routes matches snapshot 1`] = `
<div
  className="master-template"
>
  <div>
    <header>
      <div
        className="wrapper"
      >
        <a
          className="logotype"
          href="/"
          onClick={[Function]}
        >
          <hgroup>
            <h1>
              Primal Vinyl
            </h1>
            <h2>
              Primal Vinyl
            </h2>
          </hgroup>
        </a>
        <nav
          className="navigation"
        />
      </div>
    </header>
    <main>
      <article
        className="home-page"
      >
        <div
          className="wrapper"
        >
          <h2>
            Home Page
          </h2>
          <div>
            <input
              type="text"
            />
            <button
              onClick={[Function]}
            >
              Search
            </button>
          </div>
        </div>
      </article>
    </main>
  </div>
  <footer>
    <div
      className="wrapper"
    >
      <div
        className="logotype"
      >
        <a
          href="/"
          onClick={[Function]}
        >
          <h2>
            My Site
          </h2>
        </a>
        <div
          className="copyright"
        >
          Â© 
          2020
           
          My Site
        </div>
      </div>
      <div
        className="navigation"
      >
        <nav>
          <ul>
            <li>
              <a
                aria-current="page"
                className="active"
                href="/"
                onClick={[Function]}
                style={Object {}}
              >
                Home
              </a>
            </li>
            <li>
              <a
                aria-current={null}
                href="/about-us"
                onClick={[Function]}
              >
                About Us
              </a>
            </li>
            <li>
              <a
                aria-current={null}
                href="/ding"
                onClick={[Function]}
              >
                Nav Item 1
              </a>
            </li>
            <li>
              <a
                aria-current={null}
                href="/dong"
                onClick={[Function]}
              >
                Nav Item 2
              </a>
            </li>
            <li>
              <a
                aria-current={null}
                href="/dingle"
                onClick={[Function]}
              >
                Nav Item 3
              </a>
            </li>
            <li>
              <a
                aria-current={null}
                href="/ring"
                onClick={[Function]}
              >
                Nav Item 4
              </a>
            </li>
            <li>
              <a
                aria-current={null}
                href="/sing"
                onClick={[Function]}
              >
                Nav Item 5
              </a>
            </li>
          </ul>
        </nav>
      </div>
    </div>
  </footer>
</div>
`;
