// Jest Snapshot v1, https://goo.gl/fbAQLP

exports[`AboutUs matches snapshot 1`] = `
<div
  className="root"
>
  <div>
    <header
      className="root"
    >
      <div
        className="wrapper"
      >
        <a
          className="logotype"
          href="/"
          onClick={[Function]}
        >
          <hgroup>
            <h1>
              Primal Vinyl
            </h1>
            <h2>
              Primal Vinyl
            </h2>
          </hgroup>
        </a>
        <nav
          className="navigation"
        />
      </div>
    </header>
    <main>
      <div
        className="root"
      >
        <div
          className="wrapper"
        >
          <h2>
            About Us
          </h2>
        </div>
      </div>
    </main>
  </div>
  <footer
    className="root"
  >
    <div
      className="wrapper"
    >
      <div
        className="logotype"
      >
        <a
          href="/"
          onClick={[Function]}
        >
          <h2>
            Primal Vinyl
          </h2>
        </a>
        <div
          className="copyright"
        >
          Â© 
          2021
           
          Primal Vinyl
        </div>
      </div>
      <div
        className="navigation"
      >
        <nav>
          <ul>
            <li>
              <a
                aria-current="page"
                className="active"
                href="/"
                onClick={[Function]}
                style={Object {}}
              >
                Home
              </a>
            </li>
            <li>
              <a
                aria-current={null}
                href="/about-us"
                onClick={[Function]}
              >
                About Us
              </a>
            </li>
            <li>
              <a
                aria-current={null}
                href="/ding"
                onClick={[Function]}
              >
                Nav Item 1
              </a>
            </li>
            <li>
              <a
                aria-current={null}
                href="/dong"
                onClick={[Function]}
              >
                Nav Item 2
              </a>
            </li>
            <li>
              <a
                aria-current={null}
                href="/dingle"
                onClick={[Function]}
              >
                Nav Item 3
              </a>
            </li>
            <li>
              <a
                aria-current={null}
                href="/ring"
                onClick={[Function]}
              >
                Nav Item 4
              </a>
            </li>
            <li>
              <a
                aria-current={null}
                href="/sing"
                onClick={[Function]}
              >
                Nav Item 5
              </a>
            </li>
          </ul>
        </nav>
      </div>
    </div>
  </footer>
</div>
`;
