// Jest Snapshot v1, https://goo.gl/fbAQLP

exports[`App matches snapshot 1`] = `
<div
  className="app"
>
  <div
    className="root"
  >
    <div>
      <header
        className="root"
      >
        <div
          className="wrapper"
        >
          <img
            alt=""
            src="monster.png"
          />
          <a
            className="logotype"
            href="/"
            onClick={[Function]}
          >
            <h1>
              Primal Vinyl - Song Lyrics Search
            </h1>
          </a>
        </div>
      </header>
      <main>
        <article
          className="root"
        >
          <div
            className="wrapper"
          >
            <section
              className="searchForm"
            >
              <div
                className="root"
              >
                <div
                  className="wrapper"
                >
                  <form
                    action="#"
                    onReset={[Function]}
                    onSubmit={[Function]}
                  >
                    <div
                      className="searchInput"
                    >
                      <div
                        className="sc-gsTCUz cMriDl"
                      >
                        <input
                          disabled={false}
                          id="searchField"
                          onBlur={[Function]}
                          onChange={[Function]}
                          placeholder="Enter song title, album, or artist"
                          required={false}
                          type="search"
                          value=""
                        />
                      </div>
                    </div>
                    <div
                      className="searchButton"
                    >
                      <div
                        className="sc-dlfnbm eTcNAx"
                      >
                        <button
                          disabled={false}
                          id="searchButton"
                          onClick={[Function]}
                          type="submit"
                        >
                          <svg
                            fill="currentColor"
                            height="16"
                            viewBox="0 0 16 16"
                            width="16"
                            xmlns="http://www.w3.org/2000/svg"
                          >
                            <path
                              d="M11.742 10.344a6.5 6.5 0 1 0-1.397 1.398h-.001c.03.04.062.078.098.115l3.85 3.85a1 1 0 0 0 1.415-1.414l-3.85-3.85a1.007 1.007 0 0 0-.115-.1zM12 6.5a5.5 5.5 0 1 1-11 0 5.5 5.5 0 0 1 11 0z"
                            />
                          </svg>
                        </button>
                      </div>
                    </div>
                  </form>
                </div>
              </div>
            </section>
          </div>
        </article>
      </main>
    </div>
    <footer
      className="root"
    >
      <div
        className="wrapper"
      >
        <div
          className="logotype"
        >
          <a
            href="/"
            onClick={[Function]}
          >
            <h2>
              Primal Vinyl
            </h2>
          </a>
          <div
            className="copyright"
          >
            Â© 
            2021
          </div>
        </div>
      </div>
    </footer>
  </div>
</div>
`;
