// Jest Snapshot v1, https://goo.gl/fbAQLP

exports[`Button matches snapshot 1`] = `
<div
  className="sc-bdfBwQ dSKHTO"
>
  <button
    disabled={false}
    id="test"
    onClick={[Function]}
    type="submit"
  />
</div>
`;
