// Jest Snapshot v1, https://goo.gl/fbAQLP

exports[`Footer matches snapshot 1`] = `
<footer
  className="root"
>
  <div
    className="wrapper"
  >
    <div
      className="logotype"
    >
      <a
        href="/"
        onClick={[Function]}
      >
        <h2>
          Primal Vinyl
        </h2>
      </a>
      <div
        className="copyright"
      >
        Â© 
        2021
      </div>
    </div>
  </div>
</footer>
`;
