// Jest Snapshot v1, https://goo.gl/fbAQLP

exports[`Input matches snapshot 1`] = `
<div
  className="root"
>
  <div
    className="formControlWrapper"
  >
    <input
      disabled={false}
      onBlur={[Function]}
      onChange={[Function]}
      required={false}
      type="text"
    />
  </div>
</div>
`;
