// Jest Snapshot v1, https://goo.gl/fbAQLP

exports[`Header matches snapshot 1`] = `
<div
  className="lazyload-wrapper"
>
  <div
    className="lazyload-placeholder"
    style={
      Object {
        "height": undefined,
      }
    }
  />
</div>
`;
