// Jest Snapshot v1, https://goo.gl/fbAQLP

exports[`MasterTemplate matches snapshot 1`] = `
<div
  className="root"
>
  <div>
    <header
      className="root"
    >
      <div
        className="wrapper"
      >
        <img
          alt=""
          src="monster.png"
        />
        <a
          className="logotype"
          href="/"
          onClick={[Function]}
        >
          <h1>
            Primal Vinyl
          </h1>
        </a>
      </div>
    </header>
    <main>
      <div>
        Test
      </div>
    </main>
  </div>
  <footer
    className="root"
  >
    <div
      className="wrapper"
    >
      <div
        className="logotype"
      >
        <a
          href="/"
          onClick={[Function]}
        >
          <h2>
            Primal Vinyl
          </h2>
        </a>
        <div
          className="copyright"
        >
          Â© 
          2021
        </div>
      </div>
    </div>
  </footer>
</div>
`;
