// Jest Snapshot v1, https://goo.gl/fbAQLP

exports[`ProgressBar matches snapshot 1`] = `
<div
  className="sc-bdfBwQ cAIpLZ"
  color="black"
>
  <div
    className="ldsEllipsis"
    role="progressbar"
  >
    <div />
    <div />
    <div />
    <div />
  </div>
</div>
`;
