// Jest Snapshot v1, https://goo.gl/fbAQLP

exports[`SearchForm matches snapshot 1`] = `
<div
  className="root"
>
  <form
    action="#"
    onReset={[Function]}
    onSubmit={[Function]}
  >
    <div
      className="root"
    >
      <div
        className="formControlWrapper"
      >
        <input
          disabled={false}
          id="searchField"
          onBlur={[Function]}
          onChange={[Function]}
          required={false}
          type="search"
          value=""
        />
      </div>
    </div>
    <div
      className="root"
    >
      <button
        disabled={false}
        id="searchButton"
        onClick={[Function]}
        type="submit"
      >
        Search
      </button>
    </div>
  </form>
</div>
`;
