// Jest Snapshot v1, https://goo.gl/fbAQLP

exports[`SearchResultList matches snapshot 1`] = `
<div
  className="root"
>
  <table
    role="table"
  >
    <thead>
      <tr
        role="row"
      >
        <th
          colSpan={1}
          role="columnheader"
        >
          
        </th>
        <th
          colSpan={1}
          role="columnheader"
        >
          Song
        </th>
        <th
          colSpan={1}
          role="columnheader"
        >
          Artist
        </th>
      </tr>
    </thead>
    <tbody
      role="rowgroup"
    >
      <tr
        role="row"
      >
        <td
          role="cell"
        >
          <img
            alt=""
          />
        </td>
        <td
          role="cell"
        >
          <a
            href="/songs/undefined"
            onClick={[Function]}
          />
        </td>
        <td
          role="cell"
        >
          
        </td>
      </tr>
      <tr
        role="row"
      >
        <td
          role="cell"
        >
          <img
            alt=""
          />
        </td>
        <td
          role="cell"
        >
          <a
            href="/songs/undefined"
            onClick={[Function]}
          />
        </td>
        <td
          role="cell"
        >
          
        </td>
      </tr>
      <tr
        role="row"
      >
        <td
          role="cell"
        >
          <img
            alt=""
          />
        </td>
        <td
          role="cell"
        >
          <a
            href="/songs/undefined"
            onClick={[Function]}
          />
        </td>
        <td
          role="cell"
        >
          
        </td>
      </tr>
    </tbody>
  </table>
</div>
`;
