// Jest Snapshot v1, https://goo.gl/fbAQLP

exports[`Select matches snapshot 1`] = `
<div
  className="root"
>
  <div
    className="formControlWrapper"
  >
    <select
      disabled={false}
      onBlur={[Function]}
      onChange={[Function]}
      required={false}
    />
  </div>
</div>
`;
